22:46:51 **** Incremental Build of configuration Debug for project NoneOS ****
make -j8 all 
arm-none-eabi-gcc "../Core/Src/main.c" -mcpu=cortex-m4 -std=gnu11 -g3 -DDEBUG -DUSE_HAL_DRIVER -DSTM32F411xE -c -I"G:/stm32cubeide/workspace/TouchScreen/NoneOS/ili9341/inc" -I../Core/Inc -I../Drivers/STM32F4xx_HAL_Driver/Inc -I../Drivers/STM32F4xx_HAL_Driver/Inc/Legacy -I../Drivers/CMSIS/Device/ST/STM32F4xx/Include -I../Drivers/CMSIS/Include -Oz -ffunction-sections -fdata-sections -Wall -fstack-usage -fcyclomatic-complexity -MMD -MP -MF"Core/Src/main.d" -MT"Core/Src/main.o" --specs=nano.specs -mfpu=fpv4-sp-d16 -mfloat-abi=hard -mthumb -o "Core/Src/main.o"
arm-none-eabi-gcc -o "NoneOS.elf" @"objects.list"   -mcpu=cortex-m4 -T"G:\stm32cubeide\workspace\TouchScreen\NoneOS\STM32F411VETX_FLASH.ld" --specs=nosys.specs -Wl,-Map="NoneOS.map" -Wl,--gc-sections -static --specs=nano.specs -mfpu=fpv4-sp-d16 -mfloat-abi=hard -mthumb -Wl,--start-group -lc -lm -Wl,--end-group
Finished building target: NoneOS.elf
 
arm-none-eabi-size  NoneOS.elf 
arm-none-eabi-objdump -h -S NoneOS.elf  > "NoneOS.list"
arm-none-eabi-objcopy  -O binary NoneOS.elf  "NoneOS.bin"
   text	   data	    bss	    dec	    hex	filename
 164008	     12	   2084	 166104	  288d8	NoneOS.elf
Finished building: default.size.stdout
 
Finished building: NoneOS.bin
Finished building: NoneOS.list
 
 
22:46:56 **** Incremental Build of configuration Debug for project NoneOS ****
make -j8 all 
arm-none-eabi-size  NoneOS.elf 
   text	   data	    bss	    dec	    hex	filename
 164008	     12	   2084	 166104	  288d8	NoneOS.elf
Finished building: default.size.stdout
 
